// Jest Snapshot v1, https://goo.gl/fbAQLP

exports[`Backdrop Block renders Backdrop 1`] = `
.c0 {
  position: relative;
  width: 0;
  height: 0;
}

.c1 {
  -webkit-align-items: center;
  -webkit-box-align: center;
  -ms-flex-align: center;
  align-items: center;
  display: -webkit-box;
  display: -webkit-flex;
  display: -ms-flexbox;
  display: flex;
  -webkit-flex-direction: column;
  -ms-flex-direction: column;
  flex-direction: column;
  background-color: rgba(0,0,0,.5);
  -webkit-box-pack: center;
  -webkit-justify-content: center;
  -ms-flex-pack: center;
  justify-content: center;
  height: NaNpx;
  width: NaNpx;
}

<div
  className="c0"
  data-testid="backdrop"
>
  <div
    className="c1"
  />
</div>
`;
