// Jest Snapshot v1, https://goo.gl/fbAQLP

exports[`Board Block renders Board 1`] = `
.c1 {
  display: -webkit-box;
  display: -webkit-flex;
  display: -ms-flexbox;
  display: flex;
  -webkit-flex-direction: column;
  -ms-flex-direction: column;
  flex-direction: column;
}

.c0 {
  border: 1px solid black;
  width: -webkit-fit-content;
  width: -moz-fit-content;
  width: fit-content;
}

<div
  className="c0"
  data-testid="board"
>
  <div
    className="c1"
  />
</div>
`;
