// Jest Snapshot v1, https://goo.gl/fbAQLP

exports[`Container Block renders Container 1`] = `
.c0 {
  margin: 20px;
  padding: 20px;
  width: -webkit-fit-content;
  width: -moz-fit-content;
  width: fit-content;
  display: -webkit-box;
  display: -webkit-flex;
  display: -ms-flexbox;
  display: flex;
  -webkit-align-items: center;
  -webkit-box-align: center;
  -ms-flex-align: center;
  align-items: center;
  background-color: black;
  border-radius: 10px;
}

<div
  className="c0"
/>
`;
