// Jest Snapshot v1, https://goo.gl/fbAQLP

exports[`Labyrinth Block renders Labyrinth 1`] = `
.c6 {
  color: white;
  margin: 10px;
}

.c5 {
  display: -webkit-box;
  display: -webkit-flex;
  display: -ms-flexbox;
  display: flex;
  -webkit-flex-direction: column;
  -ms-flex-direction: column;
  flex-direction: column;
}

.c4 {
  border: 1px solid black;
  width: -webkit-fit-content;
  width: -moz-fit-content;
  width: fit-content;
}

.c0 {
  margin: 20px;
  padding: 20px;
  width: -webkit-fit-content;
  width: -moz-fit-content;
  width: fit-content;
  display: -webkit-box;
  display: -webkit-flex;
  display: -ms-flexbox;
  display: flex;
  -webkit-align-items: center;
  -webkit-box-align: center;
  -ms-flex-align: center;
  align-items: center;
  background-color: black;
  border-radius: 10px;
}

.c1 {
  display: -webkit-box;
  display: -webkit-flex;
  display: -ms-flexbox;
  display: flex;
  -webkit-box-pack: end;
  -webkit-justify-content: flex-end;
  -ms-flex-pack: end;
  justify-content: flex-end;
}

.c8 {
  display: -webkit-box;
  display: -webkit-flex;
  display: -ms-flexbox;
  display: flex;
  -webkit-box-pack: center;
  -webkit-justify-content: center;
  -ms-flex-pack: center;
  justify-content: center;
}

.c9 {
  background-color: white;
  margin: 1px;
  border-radius: 5px;
  cursor: pointer;
}

.c9:hover {
  opacity: .9;
}

.c7 {
  margin-top: 10px;
}

.c2 {
  position: relative;
  top: 5px;
  left: 5px;
  width: 0;
  height: 0;
  -webkit-transition: top .1s,left .1s;
  transition: top .1s,left .1s;
}

.c3 {
  width: 24px;
  height: 24px;
  -webkit-animation: heartbeat 1s infinite;
  animation: heartbeat 1s infinite;
}

<div
  className="c0"
>
  <div>
    <div
      className="c1"
    >
      <svg
        cursor="pointer"
        data-testid="undo-icon"
        fill="none"
        height={24}
        onClick={[Function]}
        stroke="#FFFF07"
        strokeLinecap="round"
        strokeLinejoin="round"
        strokeWidth="2"
        viewBox="0 0 24 24"
        width={24}
        xmlns="http://www.w3.org/2000/svg"
      >
        <polyline
          points="9 14 4 9 9 4"
        />
        <path
          d="M20 20v-7a4 4 0 0 0-4-4H4"
        />
      </svg>
      <svg
        cursor="pointer"
        data-testid="reload-icon"
        fill="none"
        height={24}
        onClick={[Function]}
        stroke="#FFFF07"
        strokeLinecap="round"
        strokeLinejoin="round"
        strokeWidth="2"
        viewBox="0 0 24 24"
        width={24}
        xmlns="http://www.w3.org/2000/svg"
      >
        <polyline
          points="23 4 23 10 17 10"
        />
        <polyline
          points="1 20 1 14 7 14"
        />
        <path
          d="M3.51 9a9 9 0 0 1 14.85-3.36L23 10M1 14l4.64 4.36A9 9 0 0 0 20.49 15"
        />
      </svg>
      <svg
        cursor="pointer"
        data-testid="settings-icon"
        fill="none"
        height={24}
        onClick={[Function]}
        stroke="#FFFF07"
        strokeLinecap="round"
        strokeLinejoin="round"
        strokeWidth="2"
        viewBox="0 0 24 24"
        width={24}
        xmlns="http://www.w3.org/2000/svg"
      >
        <circle
          cx="12"
          cy="12"
          r="3"
        />
        <path
          d="M19.4 15a1.65 1.65 0 0 0 .33 1.82l.06.06a2 2 0 0 1 0 2.83 2 2 0 0 1-2.83 0l-.06-.06a1.65 1.65 0 0 0-1.82-.33 1.65 1.65 0 0 0-1 1.51V21a2 2 0 0 1-2 2 2 2 0 0 1-2-2v-.09A1.65 1.65 0 0 0 9 19.4a1.65 1.65 0 0 0-1.82.33l-.06.06a2 2 0 0 1-2.83 0 2 2 0 0 1 0-2.83l.06-.06a1.65 1.65 0 0 0 .33-1.82 1.65 1.65 0 0 0-1.51-1H3a2 2 0 0 1-2-2 2 2 0 0 1 2-2h.09A1.65 1.65 0 0 0 4.6 9a1.65 1.65 0 0 0-.33-1.82l-.06-.06a2 2 0 0 1 0-2.83 2 2 0 0 1 2.83 0l.06.06a1.65 1.65 0 0 0 1.82.33H9a1.65 1.65 0 0 0 1-1.51V3a2 2 0 0 1 2-2 2 2 0 0 1 2 2v.09a1.65 1.65 0 0 0 1 1.51 1.65 1.65 0 0 0 1.82-.33l.06-.06a2 2 0 0 1 2.83 0 2 2 0 0 1 0 2.83l-.06.06a1.65 1.65 0 0 0-.33 1.82V9a1.65 1.65 0 0 0 1.51 1H21a2 2 0 0 1 2 2 2 2 0 0 1-2 2h-.09a1.65 1.65 0 0 0-1.51 1z"
        />
      </svg>
    </div>
    <div
      className="c2"
      data-testid="token"
    >
      <div
        className="c3"
      >
        <svg
          fill="none"
          height={24}
          stroke="currentColor"
          strokeLinecap="round"
          strokeLinejoin="round"
          strokeWidth="2"
          viewBox="0 0 24 24"
          width={24}
          xmlns="http://www.w3.org/2000/svg"
        >
          <path
            d="M20 21v-2a4 4 0 0 0-4-4H8a4 4 0 0 0-4 4v2"
          />
          <circle
            cx="12"
            cy="7"
            r="4"
          />
        </svg>
      </div>
    </div>
    <div
      className="c4"
      data-testid="board"
    >
      <div
        className="c5"
      />
    </div>
    <div>
      <div
        className="c6"
        color="white"
      >
        Moves Left 
        8
      </div>
      <div
        className="c7"
      >
        <div
          className="c8"
          width="100%"
        >
          <div
            className="c9"
          >
            <svg
              data-testid="arrow-up"
              fill="none"
              height={45}
              onClick={[Function]}
              stroke="currentColor"
              strokeLinecap="round"
              strokeLinejoin="round"
              strokeWidth="2"
              viewBox="0 0 24 24"
              width={45}
              xmlns="http://www.w3.org/2000/svg"
            >
              <line
                x1="12"
                x2="12"
                y1="19"
                y2="5"
              />
              <polyline
                points="5 12 12 5 19 12"
              />
            </svg>
          </div>
        </div>
        <div
          className="c8"
          width="100%"
        >
          <div
            className="c9"
          >
            <svg
              data-testid="arrow-left"
              fill="none"
              height={45}
              onClick={[Function]}
              stroke="currentColor"
              strokeLinecap="round"
              strokeLinejoin="round"
              strokeWidth="2"
              viewBox="0 0 24 24"
              width={45}
              xmlns="http://www.w3.org/2000/svg"
            >
              <line
                x1="19"
                x2="5"
                y1="12"
                y2="12"
              />
              <polyline
                points="12 19 5 12 12 5"
              />
            </svg>
          </div>
          <div
            className="c9"
          >
            <svg
              data-testid="arrow-down"
              fill="none"
              height={45}
              onClick={[Function]}
              stroke="currentColor"
              strokeLinecap="round"
              strokeLinejoin="round"
              strokeWidth="2"
              viewBox="0 0 24 24"
              width={45}
              xmlns="http://www.w3.org/2000/svg"
            >
              <line
                x1="12"
                x2="12"
                y1="5"
                y2="19"
              />
              <polyline
                points="19 12 12 19 5 12"
              />
            </svg>
          </div>
          <div
            className="c9"
          >
            <svg
              data-testid="arrow-right"
              fill="none"
              height={45}
              onClick={[Function]}
              stroke="currentColor"
              strokeLinecap="round"
              strokeLinejoin="round"
              strokeWidth="2"
              viewBox="0 0 24 24"
              width={45}
              xmlns="http://www.w3.org/2000/svg"
            >
              <line
                x1="5"
                x2="19"
                y1="12"
                y2="12"
              />
              <polyline
                points="12 5 19 12 12 19"
              />
            </svg>
          </div>
        </div>
      </div>
    </div>
  </div>
</div>
`;
